[backblue.gif]
[fade.gif]
[index.html]
[themes.aksharwebtech.com/restrova/assets/images/menu/quattro-formaggi.jpg]
[themes.aksharwebtech.com/restrova/assets/images/menu/wild-boar-pappardelle.jpg]
[themes.aksharwebtech.com/restrova/assets/images/favicon.png]
[themes.aksharwebtech.com/restrova/assets/images/menu/rossi-negroni.jpg]
[themes.aksharwebtech.com/restrova/assets/images/menu/barolo-2018.jpg]
[themes.aksharwebtech.com/restrova/assets/images/menu/espresso-martini.jpg]
[themes.aksharwebtech.com/restrova/assets/images/playstore.png]
[themes.aksharwebtech.com/restrova/assets/js/bootstrap.bundle.min.js]
[themes.aksharwebtech.com/restrova/assets/images/logo.png]
[themes.aksharwebtech.com/restrova/assets/js/aos.js]
[themes.aksharwebtech.com/restrova/assets/js/main.js]
[themes.aksharwebtech.com/restrova/index.html]
[themes.aksharwebtech.com/restrova/assets/css/bootstrap.min.css]
[themes.aksharwebtech.com/restrova/assets/css/aos.css]
[themes.aksharwebtech.com/restrova/assets/css/all.min.css]
[themes.aksharwebtech.com/restrova/assets/css/fancybox.css]
[themes.aksharwebtech.com/restrova/assets/images/arrow-accent.svg]
[themes.aksharwebtech.com/restrova/assets/images/menu/ribeye-fiorentina.jpg]
[themes.aksharwebtech.com/restrova/assets/images/menu/cacio-e-pepe.jpg]
[themes.aksharwebtech.com/restrova/assets/images/arrow-white.svg]
[themes.aksharwebtech.com/restrova/assets/images/page-banner.jpg]
[themes.aksharwebtech.com/restrova/assets/images/menu/vanilla-panna-cotta.jpg]
[themes.aksharwebtech.com/restrova/assets/images/menu/burrata-classica.jpg]
[themes.aksharwebtech.com/restrova/assets/images/reservation.jpg]
[themes.aksharwebtech.com/restrova/assets/css/style.css]
[themes.aksharwebtech.com/restrova/assets/css/responsive.css]
[themes.aksharwebtech.com/restrova/assets/images/shape/tomato.png]
[themes.aksharwebtech.com/restrova/assets/images/shape/red-chilli.png]
[themes.aksharwebtech.com/restrova/assets/images/shape/basil-leaf.png]
[themes.aksharwebtech.com/restrova/assets/images/shape/mushroom.png]
[themes.aksharwebtech.com/restrova/assets/images/homepage-2/dessert.jpg]
[themes.aksharwebtech.com/restrova/assets/images/shape/sliced-onion.png]
[themes.aksharwebtech.com/restrova/assets/images/shape/green-chili.png]
[themes.aksharwebtech.com/restrova/assets/images/shape/cheese.png]
[themes.aksharwebtech.com/restrova/assets/images/homepage-2/salad.jpg]
[themes.aksharwebtech.com/restrova/assets/images/shape/coriander-1.png]
[themes.aksharwebtech.com/restrova/assets/images/homepage-2/combo.jpg]
[themes.aksharwebtech.com/restrova/assets/images/shape/mint-leaf.png]
[themes.aksharwebtech.com/restrova/assets/images/homepage-2/cacio-e-pepe.jpg]
[themes.aksharwebtech.com/restrova/index-2.html]
[themes.aksharwebtech.com/restrova/menu.html]
[themes.aksharwebtech.com/restrova/assets/images/shape/red-chilli-2.png]
[themes.aksharwebtech.com/restrova/assets/images/shape/luctus-leaf.png]
[themes.aksharwebtech.com/restrova/assets/images/shape/coriander-2.png]
[themes.aksharwebtech.com/restrova/assets/images/shape/mint-leaf-2.png]
[themes.aksharwebtech.com/restrova/assets/images/shape/tomato-slice.png]
[themes.aksharwebtech.com/restrova/assets/images/menu-detail/detail.jpg]
[themes.aksharwebtech.com/restrova/assets/images/our-story.mp4]
[themes.aksharwebtech.com/restrova/assets/images/slider/pizza.png]
[themes.aksharwebtech.com/restrova/assets/images/shape-bottom.png]
[themes.aksharwebtech.com/restrova/assets/images/menu-detail/detail-2.jpg]
[themes.aksharwebtech.com/restrova/assets/images/about/kitchen.jpg]
[themes.aksharwebtech.com/restrova/assets/images/menu-detail/detail-3.jpg]
[themes.aksharwebtech.com/restrova/menu-detail.html]
[themes.aksharwebtech.com/restrova/assets/images/about/signature-dish.jpg]
[themes.aksharwebtech.com/restrova/assets/images/aboutus/hotel.jpg]
[themes.aksharwebtech.com/restrova/assets/images/about/dining.jpg]
[themes.aksharwebtech.com/restrova/assets/images/aboutus/detail.jpg]
[themes.aksharwebtech.com/restrova/about.html]
[themes.aksharwebtech.com/restrova/our-chefs.html]
[themes.aksharwebtech.com/restrova/testimonials.html]
[themes.aksharwebtech.com/restrova/assets/images/chef/chef-2.png]
[themes.aksharwebtech.com/restrova/assets/images/chef/chef-1.png]
[themes.aksharwebtech.com/restrova/assets/images/chef/chef-3.png]
[themes.aksharwebtech.com/restrova/assets/images/category/pizza.jpg]
[themes.aksharwebtech.com/restrova/assets/images/category/burger.png]
[themes.aksharwebtech.com/restrova/assets/images/category/sushi.jpg]
[themes.aksharwebtech.com/restrova/assets/images/shop-small-banner.jpg]
[themes.aksharwebtech.com/restrova/assets/images/category/pasta.jpg]
[themes.aksharwebtech.com/restrova/assets/images/category/salad.png]
[themes.aksharwebtech.com/restrova/assets/images/shop/product-10.jpg]
[themes.aksharwebtech.com/restrova/assets/images/category/dessert.png]
[themes.aksharwebtech.com/restrova/assets/images/shop/product-2.jpg]
[themes.aksharwebtech.com/restrova/assets/images/shop/product-9.jpg]
[themes.aksharwebtech.com/restrova/assets/images/category/drinks.png]
[themes.aksharwebtech.com/restrova/assets/images/shop/product-3.jpg]
[themes.aksharwebtech.com/restrova/assets/images/shop/product-5.jpg]
[themes.aksharwebtech.com/restrova/assets/images/shop/product-6.jpg]
[themes.aksharwebtech.com/restrova/assets/images/timeline/timeline-1.jpg]
[themes.aksharwebtech.com/restrova/assets/images/timeline/timeline-2.jpg]
[themes.aksharwebtech.com/restrova/shop.html]
[themes.aksharwebtech.com/restrova/assets/images/timeline/timeline-4.jpg]
[themes.aksharwebtech.com/restrova/assets/images/menu/pizza-diavola.jpg]
[themes.aksharwebtech.com/restrova/shop-details.html]
[themes.aksharwebtech.com/restrova/cart.html]
[themes.aksharwebtech.com/restrova/checkout.html]
[themes.aksharwebtech.com/restrova/assets/images/menu/crispy-calamari.jpg]
[themes.aksharwebtech.com/restrova/gallery.html]
[themes.aksharwebtech.com/restrova/assets/images/menu/antipasto-board.jpg]
[themes.aksharwebtech.com/restrova/reservation.html]
[themes.aksharwebtech.com/restrova/assets/images/menu/wild-mushroom-risotto.jpg]
[themes.aksharwebtech.com/restrova/faq.html]
[themes.aksharwebtech.com/restrova/assets/images/chef/chef-4.png]
[themes.aksharwebtech.com/restrova/assets/images/testimonials/john1.jpg]
[themes.aksharwebtech.com/restrova/assets/images/testimonials/john2.jpg]
[themes.aksharwebtech.com/restrova/terms-conditions.html]
[themes.aksharwebtech.com/restrova/privacy-policy.html]
[themes.aksharwebtech.com/restrova/assets/images/appstore.png]
[themes.aksharwebtech.com/restrova/assets/images/contact-us.jpg]
[themes.aksharwebtech.com/restrova/assets/images/shape/tacos.png]
[themes.aksharwebtech.com/restrova/404.html]
[themes.aksharwebtech.com/restrova/assets/images/aboutus/pizza.jpg]
[themes.aksharwebtech.com/restrova/assets/images/shop-banner.jpg]
[themes.aksharwebtech.com/restrova/assets/images/hero-section.mp4]
[themes.aksharwebtech.com/restrova/assets/images/homepage-2/burger.jpg]
[themes.aksharwebtech.com/restrova/assets/images/homepage-2/juice.jpg]
[themes.aksharwebtech.com/restrova/assets/images/homepage-2/chicken.jpg]
[themes.aksharwebtech.com/restrova/assets/images/homepage-2/ribeye-fiorentina.jpg]
[themes.aksharwebtech.com/restrova/assets/images/gallery/gallery-3.jpg]
[themes.aksharwebtech.com/restrova/blog.html]
[themes.aksharwebtech.com/restrova/assets/images/gallery/gallery-6.jpg]
[themes.aksharwebtech.com/restrova/blog-details.html]
[themes.aksharwebtech.com/restrova/contact.html]
[themes.aksharwebtech.com/restrova/assets/images/timeline/timeline-3.jpg]
[themes.aksharwebtech.com/restrova/assets/images/timeline/timeline-5.jpg]
[themes.aksharwebtech.com/restrova/assets/images/menu/spaghetti-carbonara.jpg]
[themes.aksharwebtech.com/restrova/assets/images/menu/classic-tiramisu.jpg]
[themes.aksharwebtech.com/restrova/assets/images/menu/truffle-mushroom-veloute.jpg]
[themes.aksharwebtech.com/restrova/assets/images/menu/bruschetta-trio.jpg]
[themes.aksharwebtech.com/restrova/assets/images/menu/cedar-plank-salmon.jpg]
[themes.aksharwebtech.com/restrova/assets/images/menu/braised-lamb-shank.jpg]
[themes.aksharwebtech.com/restrova/assets/images/menu/spatchcock-chicken.jpg]
[themes.aksharwebtech.com/restrova/assets/images/menu/pizza-margherita.jpg]
[themes.aksharwebtech.com/restrova/assets/images/menu/cannoli-siciliani.jpg]
[themes.aksharwebtech.com/restrova/assets/images/testimonials/alisa1.jpg]
[themes.aksharwebtech.com/restrova/assets/images/testimonials/alisa2.jpg]
[themes.aksharwebtech.com/restrova/assets/js/bootstrap.bundle.min.js]
[themes.aksharwebtech.com/restrova/assets/js/aos.js]
[themes.aksharwebtech.com/restrova/assets/js/gsap.min.js]
[themes.aksharwebtech.com/restrova/dist/index.html]
[themes.aksharwebtech.com/restrova/t.a2.delayed]
[themes.aksharwebtech.com/mqdefault.jpg]
[themes.aksharwebtech.com/restrova/document.URL]
[themes.aksharwebtech.com/restrova/assets/js/fancybox.umd.js]
[themes.aksharwebtech.com/restrova/assets/js/main.js]
[themes.aksharwebtech.com/restrova/assets/images/arrow-accent.svg]
[themes.aksharwebtech.com/restrova/assets/images/arrow-white.svg]
[themes.aksharwebtech.com/restrova/assets/images/aboutus/about-us.jpg]
[themes.aksharwebtech.com/restrova/assets/images/homepage-2/pizza.png]
[themes.aksharwebtech.com/restrova/assets/images/homepage-2/pasta.jpg]
[themes.aksharwebtech.com/restrova/assets/images/menu-detail/detail-1.jpg]
[themes.aksharwebtech.com/restrova/assets/images/shop/product-4.html]
[themes.aksharwebtech.com/restrova/assets/images/shop/product-1.html]
[themes.aksharwebtech.com/restrova/assets/images/shop/product-8.html]
[themes.aksharwebtech.com/restrova/assets/images/shop/product-7.html]
[themes.aksharwebtech.com/restrova/assets/images/shop-detail/pizza-2.html]
[themes.aksharwebtech.com/restrova/assets/images/shop-detail/pizza-1.html]
[themes.aksharwebtech.com/restrova/assets/images/shop-detail/pizza-3.html]
[themes.aksharwebtech.com/restrova/assets/images/shop-detail/pizza-4.jpg]
[themes.aksharwebtech.com/restrova/assets/images/gallery/gallery-1.jpg]
[themes.aksharwebtech.com/restrova/assets/images/gallery/gallery-2.jpg]
[themes.aksharwebtech.com/restrova/assets/images/gallery/gallery-4.jpg]
[themes.aksharwebtech.com/restrova/assets/images/gallery/gallery-5.jpg]
[themes.aksharwebtech.com/restrova/assets/images/gallery/gallery-7.jpg]
[themes.aksharwebtech.com/restrova/assets/images/gallery/gallery-8.jpg]
[themes.aksharwebtech.com/restrova/assets/images/gallery/gallery-9.jpg]
[themes.aksharwebtech.com/restrova/assets/images/gallery/gallery-10.jpg]
[themes.aksharwebtech.com/restrova/assets/images/gallery/gallery-11.jpg]
[themes.aksharwebtech.com/restrova/assets/images/gallery/gallery-12.jpg]
[themes.aksharwebtech.com/restrova/assets/images/gallery/gallery-13.jpg]
[themes.aksharwebtech.com/restrova/assets/images/gallery/gallery-14.jpg]
[themes.aksharwebtech.com/restrova/assets/images/gallery/gallery-15.jpg]
[themes.aksharwebtech.com/restrova/assets/images/blog/blog-5.html]
[themes.aksharwebtech.com/restrova/assets/images/blog/blog-1.html]
[themes.aksharwebtech.com/restrova/assets/images/blog/blog-2.html]
[themes.aksharwebtech.com/restrova/assets/images/blog/blog-3.html]
[themes.aksharwebtech.com/restrova/assets/images/blog/blog-4.html]
[themes.aksharwebtech.com/restrova/assets/images/blog/blog-6.html]
[themes.aksharwebtech.com/restrova/assets/images/blog/blog-7.html]
[themes.aksharwebtech.com/restrova/assets/images/blog/kitchen2.html]
[themes.aksharwebtech.com/restrova/dist/index.html]
[themes.aksharwebtech.com/restrova/t.html]
[themes.aksharwebtech.com/mqdefault.html]
[themes.aksharwebtech.com/restrova/document.html]
[themes.aksharwebtech.com/restrova/assets/images/shape/pizza.png]
